###############################################################################
#
# IAR ELF Linker V7.40.3.8902/W32 for ARM                 19/Jul/2015  11:55:41
# Copyright 2007-2015 IAR Systems AB.
#
#    Output file  =  
#        C:\Users\Marco\Desktop\Esempi
#        miei\Project\Lab\TSCH_Protocol\EWARM\SysTick\Exe\SysTick.out
#    Map file     =  
#        C:\Users\Marco\Desktop\Esempi
#        miei\Project\Lab\TSCH_Protocol\EWARM\SysTick\List\SysTick.map
#    Command line =  
#        "C:\Users\Marco\Desktop\Esempi
#        miei\Project\Lab\TSCH_Protocol\EWARM\SysTick\Obj\main.o"
#        "C:\Users\Marco\Desktop\Esempi
#        miei\Project\Lab\TSCH_Protocol\EWARM\SysTick\Obj\startup_stm32f30x.o"
#        "C:\Users\Marco\Desktop\Esempi
#        miei\Project\Lab\TSCH_Protocol\EWARM\SysTick\Obj\stm32f30x_adc.o"
#        "C:\Users\Marco\Desktop\Esempi
#        miei\Project\Lab\TSCH_Protocol\EWARM\SysTick\Obj\stm32f30x_can.o"
#        "C:\Users\Marco\Desktop\Esempi
#        miei\Project\Lab\TSCH_Protocol\EWARM\SysTick\Obj\stm32f30x_comp.o"
#        "C:\Users\Marco\Desktop\Esempi
#        miei\Project\Lab\TSCH_Protocol\EWARM\SysTick\Obj\stm32f30x_crc.o"
#        "C:\Users\Marco\Desktop\Esempi
#        miei\Project\Lab\TSCH_Protocol\EWARM\SysTick\Obj\stm32f30x_dac.o"
#        "C:\Users\Marco\Desktop\Esempi
#        miei\Project\Lab\TSCH_Protocol\EWARM\SysTick\Obj\stm32f30x_dbgmcu.o"
#        "C:\Users\Marco\Desktop\Esempi
#        miei\Project\Lab\TSCH_Protocol\EWARM\SysTick\Obj\stm32f30x_dma.o"
#        "C:\Users\Marco\Desktop\Esempi
#        miei\Project\Lab\TSCH_Protocol\EWARM\SysTick\Obj\stm32f30x_exti.o"
#        "C:\Users\Marco\Desktop\Esempi
#        miei\Project\Lab\TSCH_Protocol\EWARM\SysTick\Obj\stm32f30x_flash.o"
#        "C:\Users\Marco\Desktop\Esempi
#        miei\Project\Lab\TSCH_Protocol\EWARM\SysTick\Obj\stm32f30x_gpio.o"
#        "C:\Users\Marco\Desktop\Esempi
#        miei\Project\Lab\TSCH_Protocol\EWARM\SysTick\Obj\stm32f30x_i2c.o"
#        "C:\Users\Marco\Desktop\Esempi
#        miei\Project\Lab\TSCH_Protocol\EWARM\SysTick\Obj\stm32f30x_it.o"
#        "C:\Users\Marco\Desktop\Esempi
#        miei\Project\Lab\TSCH_Protocol\EWARM\SysTick\Obj\stm32f30x_iwdg.o"
#        "C:\Users\Marco\Desktop\Esempi
#        miei\Project\Lab\TSCH_Protocol\EWARM\SysTick\Obj\stm32f30x_misc.o"
#        "C:\Users\Marco\Desktop\Esempi
#        miei\Project\Lab\TSCH_Protocol\EWARM\SysTick\Obj\stm32f30x_opamp.o"
#        "C:\Users\Marco\Desktop\Esempi
#        miei\Project\Lab\TSCH_Protocol\EWARM\SysTick\Obj\stm32f30x_pwr.o"
#        "C:\Users\Marco\Desktop\Esempi
#        miei\Project\Lab\TSCH_Protocol\EWARM\SysTick\Obj\stm32f30x_rcc.o"
#        "C:\Users\Marco\Desktop\Esempi
#        miei\Project\Lab\TSCH_Protocol\EWARM\SysTick\Obj\stm32f30x_rtc.o"
#        "C:\Users\Marco\Desktop\Esempi
#        miei\Project\Lab\TSCH_Protocol\EWARM\SysTick\Obj\stm32f30x_spi.o"
#        "C:\Users\Marco\Desktop\Esempi
#        miei\Project\Lab\TSCH_Protocol\EWARM\SysTick\Obj\stm32f30x_syscfg.o"
#        "C:\Users\Marco\Desktop\Esempi
#        miei\Project\Lab\TSCH_Protocol\EWARM\SysTick\Obj\stm32f30x_tim.o"
#        "C:\Users\Marco\Desktop\Esempi
#        miei\Project\Lab\TSCH_Protocol\EWARM\SysTick\Obj\stm32f30x_usart.o"
#        "C:\Users\Marco\Desktop\Esempi
#        miei\Project\Lab\TSCH_Protocol\EWARM\SysTick\Obj\stm32f30x_wwdg.o"
#        "C:\Users\Marco\Desktop\Esempi
#        miei\Project\Lab\TSCH_Protocol\EWARM\SysTick\Obj\stm32f3_discovery.o"
#        "C:\Users\Marco\Desktop\Esempi
#        miei\Project\Lab\TSCH_Protocol\EWARM\SysTick\Obj\system_stm32f30x.o"
#        --redirect _Printf=_PrintfSmall --redirect _Scanf=_ScanfSmall -o
#        "C:\Users\Marco\Desktop\Esempi
#        miei\Project\Lab\TSCH_Protocol\EWARM\SysTick\Exe\SysTick.out" --map
#        "C:\Users\Marco\Desktop\Esempi
#        miei\Project\Lab\TSCH_Protocol\EWARM\SysTick\List\SysTick.map"
#        --config "C:\Users\Marco\Desktop\Esempi
#        miei\Project\Lab\TSCH_Protocol\EWARM\stm32f30x_flash.icf"
#        --semihosting --entry __iar_program_start --vfe
#
###############################################################################

*******************************************************************************
*** RUNTIME MODEL ATTRIBUTES
***

CppFlavor       = *
__SystemLibrary = DLib


*******************************************************************************
*** PLACEMENT SUMMARY
***

"A1":  place at 0x08000000 { ro section .intvec };
"P1":  place in [from 0x08000000 to 0x0803ffff] { ro };
"P2":  place in [from 0x20000000 to 0x20007fff] { rw, block CSTACK, block HEAP };

  Section            Kind        Address   Size  Object
  -------            ----        -------   ----  ------
"A1":                                     0x188
  .intvec            ro code  0x08000000  0x188  startup_stm32f30x.o [1]
                            - 0x08000188  0x188

"P1":                                     0xcb4
  .text              ro code  0x08000188  0x26c  stm32f30x_rcc.o [1]
  .text              ro code  0x080003f4  0x25c  main.o [1]
  .text              ro code  0x08000650   0x92  stm32f30x_gpio.o [1]
  .text              ro code  0x080006e4  0x144  stm32f30x_usart.o [1]
  .text              ro code  0x08000828  0x17a  stm32f30x_tim.o [1]
  .text              ro code  0x080009a4   0x6c  stm32f30x_misc.o [1]
  .text              ro code  0x08000a10   0x8c  stm32f3_discovery.o [1]
  .text              ro code  0x08000a9c   0xf8  system_stm32f30x.o [1]
  .text              ro code  0x08000b94   0x2c  copy_init3.o [5]
  .text              ro code  0x08000bc0   0x28  data_init.o [5]
  .text              ro code  0x08000be8   0x22  fpinit_M.o [4]
  .iar.init_table    const    0x08000c0c   0x14  - Linker created -
  .text              ro code  0x08000c20   0x1a  cmain.o [5]
  .text              ro code  0x08000c3a    0x4  low_level_init.o [3]
  .text              ro code  0x08000c3e    0x4  exit.o [3]
  .text              ro code  0x08000c44    0xa  cexit.o [5]
  .text              ro code  0x08000c50   0x14  exit.o [6]
  .text              ro code  0x08000c64   0x14  stm32f30x_it.o [1]
  .text              ro code  0x08000c78   0x10  startup_stm32f30x.o [1]
  .text              ro code  0x08000c88    0xc  cstartup_M.o [5]
  .text              ro code  0x08000c94    0x4  startup_stm32f30x.o [1]
  .text              ro code  0x08000c98    0x4  startup_stm32f30x.o [1]
  .text              ro code  0x08000c9c    0x4  startup_stm32f30x.o [1]
  .text              ro code  0x08000ca0    0x4  startup_stm32f30x.o [1]
  .text              ro code  0x08000ca4    0x4  startup_stm32f30x.o [1]
  .text              ro code  0x08000ca8    0x4  startup_stm32f30x.o [1]
  .text              ro code  0x08000cac    0x4  startup_stm32f30x.o [1]
  .text              ro code  0x08000cb0    0x4  startup_stm32f30x.o [1]
  .text              ro code  0x08000cb4    0x4  startup_stm32f30x.o [1]
  .text              ro code  0x08000cb8    0x4  startup_stm32f30x.o [1]
  .text              ro code  0x08000cbc    0x4  startup_stm32f30x.o [1]
  .text              ro code  0x08000cc0    0x4  startup_stm32f30x.o [1]
  .text              ro code  0x08000cc4    0x4  startup_stm32f30x.o [1]
  .text              ro code  0x08000cc8    0x4  startup_stm32f30x.o [1]
  .text              ro code  0x08000ccc    0x4  startup_stm32f30x.o [1]
  .text              ro code  0x08000cd0    0x4  startup_stm32f30x.o [1]
  .text              ro code  0x08000cd4    0x4  startup_stm32f30x.o [1]
  .text              ro code  0x08000cd8    0x4  startup_stm32f30x.o [1]
  .text              ro code  0x08000cdc    0x4  startup_stm32f30x.o [1]
  .text              ro code  0x08000ce0    0x4  startup_stm32f30x.o [1]
  .text              ro code  0x08000ce4    0x4  startup_stm32f30x.o [1]
  .text              ro code  0x08000ce8    0x4  startup_stm32f30x.o [1]
  .text              ro code  0x08000cec    0x4  startup_stm32f30x.o [1]
  .text              ro code  0x08000cf0    0x4  startup_stm32f30x.o [1]
  .text              ro code  0x08000cf4    0x4  startup_stm32f30x.o [1]
  .text              ro code  0x08000cf8    0x4  startup_stm32f30x.o [1]
  .text              ro code  0x08000cfc    0x4  startup_stm32f30x.o [1]
  .text              ro code  0x08000d00    0x4  startup_stm32f30x.o [1]
  .text              ro code  0x08000d04    0x4  startup_stm32f30x.o [1]
  .text              ro code  0x08000d08    0x4  startup_stm32f30x.o [1]
  .text              ro code  0x08000d0c    0x4  startup_stm32f30x.o [1]
  .text              ro code  0x08000d10    0x4  startup_stm32f30x.o [1]
  .text              ro code  0x08000d14    0x4  startup_stm32f30x.o [1]
  .text              ro code  0x08000d18    0x4  startup_stm32f30x.o [1]
  .text              ro code  0x08000d1c    0x4  startup_stm32f30x.o [1]
  .text              ro code  0x08000d20    0x4  startup_stm32f30x.o [1]
  .text              ro code  0x08000d24    0x4  startup_stm32f30x.o [1]
  .text              ro code  0x08000d28    0x4  startup_stm32f30x.o [1]
  .text              ro code  0x08000d2c    0x4  startup_stm32f30x.o [1]
  .text              ro code  0x08000d30    0x4  startup_stm32f30x.o [1]
  .text              ro code  0x08000d34    0x4  startup_stm32f30x.o [1]
  .text              ro code  0x08000d38    0x4  startup_stm32f30x.o [1]
  .text              ro code  0x08000d3c    0x4  startup_stm32f30x.o [1]
  .text              ro code  0x08000d40    0x4  startup_stm32f30x.o [1]
  .text              ro code  0x08000d44    0x4  startup_stm32f30x.o [1]
  .text              ro code  0x08000d48    0x4  startup_stm32f30x.o [1]
  .text              ro code  0x08000d4c    0x4  startup_stm32f30x.o [1]
  .text              ro code  0x08000d50    0x4  startup_stm32f30x.o [1]
  .text              ro code  0x08000d54    0x4  startup_stm32f30x.o [1]
  .text              ro code  0x08000d58    0x4  startup_stm32f30x.o [1]
  .text              ro code  0x08000d5c    0x4  startup_stm32f30x.o [1]
  .text              ro code  0x08000d60    0x4  startup_stm32f30x.o [1]
  .text              ro code  0x08000d64    0x4  startup_stm32f30x.o [1]
  .text              ro code  0x08000d68    0x4  startup_stm32f30x.o [1]
  .text              ro code  0x08000d6c    0x4  startup_stm32f30x.o [1]
  .text              ro code  0x08000d70    0x4  startup_stm32f30x.o [1]
  .text              ro code  0x08000d74    0x4  startup_stm32f30x.o [1]
  .text              ro code  0x08000d78    0x4  startup_stm32f30x.o [1]
  .text              ro code  0x08000d7c    0x4  startup_stm32f30x.o [1]
  .text              ro code  0x08000d80    0x4  startup_stm32f30x.o [1]
  .text              ro code  0x08000d84    0x4  startup_stm32f30x.o [1]
  .text              ro code  0x08000d88    0x4  startup_stm32f30x.o [1]
  .text              ro code  0x08000d8c    0x4  startup_stm32f30x.o [1]
  .text              ro code  0x08000d90    0x4  startup_stm32f30x.o [1]
  .text              ro code  0x08000d94    0x4  startup_stm32f30x.o [1]
  .text              ro code  0x08000d98    0x4  startup_stm32f30x.o [1]
  .text              ro code  0x08000d9c    0x4  startup_stm32f30x.o [1]
  .text              ro code  0x08000da0    0x4  startup_stm32f30x.o [1]
  .text              ro code  0x08000da4    0x4  startup_stm32f30x.o [1]
  .text              ro code  0x08000da8    0x4  startup_stm32f30x.o [1]
  .text              ro code  0x08000dac    0x4  startup_stm32f30x.o [1]
  .text              ro code  0x08000db0    0x4  startup_stm32f30x.o [1]
  .text              ro code  0x08000db4    0x4  startup_stm32f30x.o [1]
  .text              ro code  0x08000db8    0x4  startup_stm32f30x.o [1]
  .text              ro code  0x08000dbc    0x4  startup_stm32f30x.o [1]
  .rodata            const    0x08000dc0    0x0  copy_init3.o [5]
  Initializer bytes  const    0x08000dc0   0x7c  <for P2 s0>
                            - 0x08000e3c  0xcb4

"P2":                                     0x480
  P2 s0                       0x20000000   0x7c  <Init block>
    .data            inited   0x20000000   0x2c  stm32f30x_rcc.o [1]
    .data            inited   0x2000002c   0x20  stm32f3_discovery.o [1]
    .data            inited   0x2000004c   0x14  system_stm32f30x.o [1]
    .data            inited   0x20000060   0x10  main.o [1]
    .bss             inited   0x20000070    0x8  main.o [1]
    .bss             inited   0x20000078    0x4  main.o [1]
  CSTACK                      0x20000080  0x400  <Block>
    CSTACK           uninit   0x20000080  0x400  <Block tail>
                            - 0x20000480  0x480


*******************************************************************************
*** INIT TABLE
***

          Address     Size
          -------     ----
Copy (__iar_copy_init3)
    1 source range, total size 0x7c:
          0x08000dc0  0x7c
    1 destination range, total size 0x7c:
          0x20000000  0x7c



*******************************************************************************
*** MODULE SUMMARY
***

    Module               ro code  ro data  rw data
    ------               -------  -------  -------
C:\Users\Marco\Desktop\Esempi miei\Project\Lab\TSCH_Protocol\EWARM\SysTick\Obj: [1]
    main.o                   604       28       28
    startup_stm32f30x.o      708
    stm32f30x_gpio.o         146
    stm32f30x_it.o            20
    stm32f30x_misc.o         108
    stm32f30x_rcc.o          620       44       44
    stm32f30x_tim.o          378
    stm32f30x_usart.o        324
    stm32f3_discovery.o      140       32       32
    system_stm32f30x.o       248       20       20
    ----------------------------------------------
    Total:                 3 296      124      124

command line: [2]
    ----------------------------------------------
    Total:

dl7M_tln.a: [3]
    exit.o                     4
    low_level_init.o           4
    ----------------------------------------------
    Total:                     8

m7M_tls.a: [4]
    fpinit_M.o                34
    ----------------------------------------------
    Total:                    34

rt7M_tl.a: [5]
    cexit.o                   10
    cmain.o                   26
    copy_init3.o              44
    cstartup_M.o              12
    data_init.o               40
    ----------------------------------------------
    Total:                   132

shb_l.a: [6]
    exit.o                    20
    ----------------------------------------------
    Total:                    20

    Gaps                       8        2
    Linker created                     20    1 024
--------------------------------------------------
    Grand Total:           3 498      146    1 148


*******************************************************************************
*** ENTRY LIST
***

Entry                      Address   Size  Type      Object
-----                      -------   ----  ----      ------
.iar.init_table$$Base   0x08000c0c          --   Gb  - Linker created -
.iar.init_table$$Limit  0x08000c20          --   Gb  - Linker created -
?main                   0x08000c21         Code  Gb  cmain.o [5]
ADCPrescTable           0x20000010   0x1c  Data  Lc  stm32f30x_rcc.o [1]
AHBPrescTable           0x2000004c   0x10  Data  Gb  system_stm32f30x.o [1]
APBAHBPrescTable        0x20000000   0x10  Data  Lc  stm32f30x_rcc.o [1]
BusFault_Handler        0x08000c6b    0x2  Code  Gb  stm32f30x_it.o [1]
CSTACK$$Base            0x20000080          --   Gb  - Linker created -
CSTACK$$Limit           0x20000480          --   Gb  - Linker created -
DebugMon_Handler        0x08000c71    0x2  Code  Gb  stm32f30x_it.o [1]
EnableInterrupt         0x08000525   0x10  Code  Gb  main.o [1]
GPIO_CLK                0x08000a7c   0x20  Data  Gb  stm32f3_discovery.o [1]
GPIO_Init               0x08000651   0x6e  Code  Gb  stm32f30x_gpio.o [1]
GPIO_InitStructure      0x20000070    0x8  Data  Gb  main.o [1]
GPIO_PIN                0x08000a6c   0x10  Data  Gb  stm32f3_discovery.o [1]
GPIO_PORT               0x2000002c   0x20  Data  Gb  stm32f3_discovery.o [1]
GPIO_PinAFConfig        0x080006bf   0x24  Code  Gb  stm32f30x_gpio.o [1]
HardFault_Handler       0x08000c67    0x2  Code  Gb  stm32f30x_it.o [1]
MemManage_Handler       0x08000c69    0x2  Code  Gb  stm32f30x_it.o [1]
NMI_Handler             0x08000c65    0x2  Code  Gb  stm32f30x_it.o [1]
NVIC_Init               0x080009a5   0x5a  Code  Gb  stm32f30x_misc.o [1]
PWM_Config              0x080004bf   0x66  Code  Gb  main.o [1]
PendSV_Handler          0x08000c73    0x2  Code  Gb  stm32f30x_it.o [1]
RCC_AHBPeriphClockCmd   0x080003a3   0x12  Code  Gb  stm32f30x_rcc.o [1]
RCC_APB1PeriphClockCmd  0x080003c7   0x12  Code  Gb  stm32f30x_rcc.o [1]
RCC_APB2PeriphClockCmd  0x080003b5   0x12  Code  Gb  stm32f30x_rcc.o [1]
RCC_GetClocksFreq       0x08000189  0x21a  Code  Gb  stm32f30x_rcc.o [1]
Region$$Table$$Base     0x08000c0c          --   Gb  - Linker created -
Region$$Table$$Limit    0x08000c20          --   Gb  - Linker created -
STM_EVAL_LEDInit        0x08000a11   0x42  Code  Gb  stm32f3_discovery.o [1]
STM_EVAL_LEDToggle      0x08000a53   0x16  Code  Gb  stm32f3_discovery.o [1]
SVC_Handler             0x08000c6f    0x2  Code  Gb  stm32f30x_it.o [1]
SysTick_Handler         0x08000c75    0x4  Code  Gb  stm32f30x_it.o [1]
SystemCoreClock         0x2000005c    0x4  Data  Gb  system_stm32f30x.o [1]
SystemInit              0x08000a9d   0xda  Code  Gb  system_stm32f30x.o [1]
TIM3_IRQHandler         0x08000591   0x50  Code  Gb  main.o [1]
TIM_ARRPreloadConfig    0x080008a7   0x14  Code  Gb  stm32f30x_tim.o [1]
TIM_ClearITPendingBit   0x08000999    0x2  Code  Gb  stm32f30x_tim.o [1]
TIM_Cmd                 0x080008bb   0x14  Code  Gb  stm32f30x_tim.o [1]
TIM_Config              0x08000479   0x46  Code  Gb  main.o [1]
TIM_GetITStatus         0x08000983   0x16  Code  Gb  stm32f30x_tim.o [1]
TIM_ITConfig            0x08000971   0x12  Code  Gb  stm32f30x_tim.o [1]
TIM_OC1Init             0x080008cf   0x68  Code  Gb  stm32f30x_tim.o [1]
TIM_OC1PreloadConfig    0x08000965    0x6  Code  Gb  stm32f30x_tim.o [1]
TIM_TimeBaseInit        0x08000829   0x7e  Code  Gb  stm32f30x_tim.o [1]
TimingDelay             0x20000078    0x4  Data  Lc  main.o [1]
TimingDelay_Decrement   0x08000619    0xe  Code  Gb  main.o [1]
USART1_IRQHandler       0x080005e1   0x38  Code  Gb  main.o [1]
USART_Cmd               0x08000799   0x12  Code  Gb  stm32f30x_usart.o [1]
USART_GetFlagStatus     0x080007e5    0xe  Code  Gb  stm32f30x_usart.o [1]
USART_GetITStatus       0x080007f3   0x36  Code  Gb  stm32f30x_usart.o [1]
USART_ITConfig          0x080007bb   0x2a  Code  Gb  stm32f30x_usart.o [1]
USART_Init              0x080006e5   0x9e  Code  Gb  stm32f30x_usart.o [1]
USART_ReceiveData       0x080007b3    0x8  Code  Gb  stm32f30x_usart.o [1]
USART_SendData          0x080007ab    0x8  Code  Gb  stm32f30x_usart.o [1]
UsageFault_Handler      0x08000c6d    0x2  Code  Gb  stm32f30x_it.o [1]
__cmain                 0x08000c21         Code  Gb  cmain.o [5]
__exit                  0x08000c51   0x14  Code  Gb  exit.o [6]
__iar_copy_init3        0x08000b95   0x2c  Code  Gb  copy_init3.o [5]
__iar_data_init3        0x08000bc1   0x28  Code  Gb  data_init.o [5]
__iar_init_vfp          0x08000be9         Code  Gb  fpinit_M.o [4]
__iar_program_start     0x08000c89         Code  Gb  cstartup_M.o [5]
__low_level_init        0x08000c3b    0x4  Code  Gb  low_level_init.o [3]
__vector_table          0x08000000         Data  Gb  startup_stm32f30x.o [1]
_call_main              0x08000c2d         Code  Gb  cmain.o [5]
_exit                   0x08000c45         Code  Gb  cexit.o [5]
_main                   0x08000c37         Code  Gb  cmain.o [5]
asn                     0x20000068    0x4  Data  Gb  main.o [1]
exit                    0x08000c3f    0x4  Code  Gb  exit.o [3]
main                    0x0800054f   0x42  Code  Gb  main.o [1]
message                 0x20000060    0x8  Data  Gb  main.o [1]
ts_enable_transmision   0x2000006c    0x4  Data  Gb  main.o [1]
usart_init              0x080003f5   0x84  Code  Gb  main.o [1]


[1] = C:\Users\Marco\Desktop\Esempi miei\Project\Lab\TSCH_Protocol\EWARM\SysTick\Obj
[2] = command line
[3] = dl7M_tln.a
[4] = m7M_tls.a
[5] = rt7M_tl.a
[6] = shb_l.a

  3 498 bytes of readonly  code memory
    146 bytes of readonly  data memory
  1 148 bytes of readwrite data memory

Errors: none
Warnings: none
