###############################################################################
#
# IAR ELF Linker V7.40.3.8902/W32 for ARM                 17/Jul/2015  13:12:58
# Copyright 2007-2015 IAR Systems AB.
#
#    Output file  =  
#        C:\Users\Marco\Desktop\Esempi
#        miei\Project\Lab\TSCH_Protocol\EWARM\SysTick\Exe\SysTick.out
#    Map file     =  
#        C:\Users\Marco\Desktop\Esempi
#        miei\Project\Lab\TSCH_Protocol\EWARM\SysTick\List\SysTick.map
#    Command line =  
#        "C:\Users\Marco\Desktop\Esempi
#        miei\Project\Lab\TSCH_Protocol\EWARM\SysTick\Obj\main.o"
#        "C:\Users\Marco\Desktop\Esempi
#        miei\Project\Lab\TSCH_Protocol\EWARM\SysTick\Obj\startup_stm32f30x.o"
#        "C:\Users\Marco\Desktop\Esempi
#        miei\Project\Lab\TSCH_Protocol\EWARM\SysTick\Obj\stm32f30x_adc.o"
#        "C:\Users\Marco\Desktop\Esempi
#        miei\Project\Lab\TSCH_Protocol\EWARM\SysTick\Obj\stm32f30x_can.o"
#        "C:\Users\Marco\Desktop\Esempi
#        miei\Project\Lab\TSCH_Protocol\EWARM\SysTick\Obj\stm32f30x_comp.o"
#        "C:\Users\Marco\Desktop\Esempi
#        miei\Project\Lab\TSCH_Protocol\EWARM\SysTick\Obj\stm32f30x_crc.o"
#        "C:\Users\Marco\Desktop\Esempi
#        miei\Project\Lab\TSCH_Protocol\EWARM\SysTick\Obj\stm32f30x_dac.o"
#        "C:\Users\Marco\Desktop\Esempi
#        miei\Project\Lab\TSCH_Protocol\EWARM\SysTick\Obj\stm32f30x_dbgmcu.o"
#        "C:\Users\Marco\Desktop\Esempi
#        miei\Project\Lab\TSCH_Protocol\EWARM\SysTick\Obj\stm32f30x_dma.o"
#        "C:\Users\Marco\Desktop\Esempi
#        miei\Project\Lab\TSCH_Protocol\EWARM\SysTick\Obj\stm32f30x_exti.o"
#        "C:\Users\Marco\Desktop\Esempi
#        miei\Project\Lab\TSCH_Protocol\EWARM\SysTick\Obj\stm32f30x_flash.o"
#        "C:\Users\Marco\Desktop\Esempi
#        miei\Project\Lab\TSCH_Protocol\EWARM\SysTick\Obj\stm32f30x_gpio.o"
#        "C:\Users\Marco\Desktop\Esempi
#        miei\Project\Lab\TSCH_Protocol\EWARM\SysTick\Obj\stm32f30x_i2c.o"
#        "C:\Users\Marco\Desktop\Esempi
#        miei\Project\Lab\TSCH_Protocol\EWARM\SysTick\Obj\stm32f30x_it.o"
#        "C:\Users\Marco\Desktop\Esempi
#        miei\Project\Lab\TSCH_Protocol\EWARM\SysTick\Obj\stm32f30x_iwdg.o"
#        "C:\Users\Marco\Desktop\Esempi
#        miei\Project\Lab\TSCH_Protocol\EWARM\SysTick\Obj\stm32f30x_misc.o"
#        "C:\Users\Marco\Desktop\Esempi
#        miei\Project\Lab\TSCH_Protocol\EWARM\SysTick\Obj\stm32f30x_opamp.o"
#        "C:\Users\Marco\Desktop\Esempi
#        miei\Project\Lab\TSCH_Protocol\EWARM\SysTick\Obj\stm32f30x_pwr.o"
#        "C:\Users\Marco\Desktop\Esempi
#        miei\Project\Lab\TSCH_Protocol\EWARM\SysTick\Obj\stm32f30x_rcc.o"
#        "C:\Users\Marco\Desktop\Esempi
#        miei\Project\Lab\TSCH_Protocol\EWARM\SysTick\Obj\stm32f30x_rtc.o"
#        "C:\Users\Marco\Desktop\Esempi
#        miei\Project\Lab\TSCH_Protocol\EWARM\SysTick\Obj\stm32f30x_spi.o"
#        "C:\Users\Marco\Desktop\Esempi
#        miei\Project\Lab\TSCH_Protocol\EWARM\SysTick\Obj\stm32f30x_syscfg.o"
#        "C:\Users\Marco\Desktop\Esempi
#        miei\Project\Lab\TSCH_Protocol\EWARM\SysTick\Obj\stm32f30x_tim.o"
#        "C:\Users\Marco\Desktop\Esempi
#        miei\Project\Lab\TSCH_Protocol\EWARM\SysTick\Obj\stm32f30x_usart.o"
#        "C:\Users\Marco\Desktop\Esempi
#        miei\Project\Lab\TSCH_Protocol\EWARM\SysTick\Obj\stm32f30x_wwdg.o"
#        "C:\Users\Marco\Desktop\Esempi
#        miei\Project\Lab\TSCH_Protocol\EWARM\SysTick\Obj\stm32f3_discovery.o"
#        "C:\Users\Marco\Desktop\Esempi
#        miei\Project\Lab\TSCH_Protocol\EWARM\SysTick\Obj\system_stm32f30x.o"
#        --redirect _Printf=_PrintfSmall --redirect _Scanf=_ScanfSmall -o
#        "C:\Users\Marco\Desktop\Esempi
#        miei\Project\Lab\TSCH_Protocol\EWARM\SysTick\Exe\SysTick.out" --map
#        "C:\Users\Marco\Desktop\Esempi
#        miei\Project\Lab\TSCH_Protocol\EWARM\SysTick\List\SysTick.map"
#        --config "C:\Users\Marco\Desktop\Esempi
#        miei\Project\Lab\TSCH_Protocol\EWARM\stm32f30x_flash.icf"
#        --semihosting --entry __iar_program_start --vfe
#
###############################################################################

*******************************************************************************
*** RUNTIME MODEL ATTRIBUTES
***

CppFlavor       = *
__SystemLibrary = DLib


*******************************************************************************
*** PLACEMENT SUMMARY
***

"A1":  place at 0x08000000 { ro section .intvec };
"P1":  place in [from 0x08000000 to 0x0803ffff] { ro };
"P2":  place in [from 0x20000000 to 0x20007fff] { rw, block CSTACK, block HEAP };

  Section            Kind        Address   Size  Object
  -------            ----        -------   ----  ------
"A1":                                     0x188
  .intvec            ro code  0x08000000  0x188  startup_stm32f30x.o [1]
                            - 0x08000188  0x188

"P1":                                     0x9f4
  .text              ro code  0x08000188  0x258  stm32f30x_rcc.o [1]
  .text              ro code  0x080003e0  0x144  stm32f30x_usart.o [1]
  .text              ro code  0x08000524  0x13c  main.o [1]
  .text              ro code  0x08000660   0x92  stm32f30x_gpio.o [1]
  .text              ro code  0x080006f4   0x6c  stm32f30x_misc.o [1]
  .text              ro code  0x08000760   0x8c  stm32f3_discovery.o [1]
  .text              ro code  0x080007ec   0xf8  system_stm32f30x.o [1]
  .text              ro code  0x080008e4   0x2c  copy_init3.o [5]
  .text              ro code  0x08000910   0x28  data_init.o [5]
  .text              ro code  0x08000938   0x22  fpinit_M.o [4]
  .iar.init_table    const    0x0800095c   0x14  - Linker created -
  .text              ro code  0x08000970   0x1a  cmain.o [5]
  .text              ro code  0x0800098a    0x4  low_level_init.o [3]
  .text              ro code  0x0800098e    0x4  exit.o [3]
  .text              ro code  0x08000994    0xa  cexit.o [5]
  .text              ro code  0x080009a0   0x14  exit.o [6]
  .text              ro code  0x080009b4   0x14  stm32f30x_it.o [1]
  .text              ro code  0x080009c8   0x10  startup_stm32f30x.o [1]
  .text              ro code  0x080009d8    0xc  cstartup_M.o [5]
  .text              ro code  0x080009e4    0x4  startup_stm32f30x.o [1]
  .text              ro code  0x080009e8    0x4  startup_stm32f30x.o [1]
  .text              ro code  0x080009ec    0x4  startup_stm32f30x.o [1]
  .text              ro code  0x080009f0    0x4  startup_stm32f30x.o [1]
  .text              ro code  0x080009f4    0x4  startup_stm32f30x.o [1]
  .text              ro code  0x080009f8    0x4  startup_stm32f30x.o [1]
  .text              ro code  0x080009fc    0x4  startup_stm32f30x.o [1]
  .text              ro code  0x08000a00    0x4  startup_stm32f30x.o [1]
  .text              ro code  0x08000a04    0x4  startup_stm32f30x.o [1]
  .text              ro code  0x08000a08    0x4  startup_stm32f30x.o [1]
  .text              ro code  0x08000a0c    0x4  startup_stm32f30x.o [1]
  .text              ro code  0x08000a10    0x4  startup_stm32f30x.o [1]
  .text              ro code  0x08000a14    0x4  startup_stm32f30x.o [1]
  .text              ro code  0x08000a18    0x4  startup_stm32f30x.o [1]
  .text              ro code  0x08000a1c    0x4  startup_stm32f30x.o [1]
  .text              ro code  0x08000a20    0x4  startup_stm32f30x.o [1]
  .text              ro code  0x08000a24    0x4  startup_stm32f30x.o [1]
  .text              ro code  0x08000a28    0x4  startup_stm32f30x.o [1]
  .text              ro code  0x08000a2c    0x4  startup_stm32f30x.o [1]
  .text              ro code  0x08000a30    0x4  startup_stm32f30x.o [1]
  .text              ro code  0x08000a34    0x4  startup_stm32f30x.o [1]
  .text              ro code  0x08000a38    0x4  startup_stm32f30x.o [1]
  .text              ro code  0x08000a3c    0x4  startup_stm32f30x.o [1]
  .text              ro code  0x08000a40    0x4  startup_stm32f30x.o [1]
  .text              ro code  0x08000a44    0x4  startup_stm32f30x.o [1]
  .text              ro code  0x08000a48    0x4  startup_stm32f30x.o [1]
  .text              ro code  0x08000a4c    0x4  startup_stm32f30x.o [1]
  .text              ro code  0x08000a50    0x4  startup_stm32f30x.o [1]
  .text              ro code  0x08000a54    0x4  startup_stm32f30x.o [1]
  .text              ro code  0x08000a58    0x4  startup_stm32f30x.o [1]
  .text              ro code  0x08000a5c    0x4  startup_stm32f30x.o [1]
  .text              ro code  0x08000a60    0x4  startup_stm32f30x.o [1]
  .text              ro code  0x08000a64    0x4  startup_stm32f30x.o [1]
  .text              ro code  0x08000a68    0x4  startup_stm32f30x.o [1]
  .text              ro code  0x08000a6c    0x4  startup_stm32f30x.o [1]
  .text              ro code  0x08000a70    0x4  startup_stm32f30x.o [1]
  .text              ro code  0x08000a74    0x4  startup_stm32f30x.o [1]
  .text              ro code  0x08000a78    0x4  startup_stm32f30x.o [1]
  .text              ro code  0x08000a7c    0x4  startup_stm32f30x.o [1]
  .text              ro code  0x08000a80    0x4  startup_stm32f30x.o [1]
  .text              ro code  0x08000a84    0x4  startup_stm32f30x.o [1]
  .text              ro code  0x08000a88    0x4  startup_stm32f30x.o [1]
  .text              ro code  0x08000a8c    0x4  startup_stm32f30x.o [1]
  .text              ro code  0x08000a90    0x4  startup_stm32f30x.o [1]
  .text              ro code  0x08000a94    0x4  startup_stm32f30x.o [1]
  .text              ro code  0x08000a98    0x4  startup_stm32f30x.o [1]
  .text              ro code  0x08000a9c    0x4  startup_stm32f30x.o [1]
  .text              ro code  0x08000aa0    0x4  startup_stm32f30x.o [1]
  .text              ro code  0x08000aa4    0x4  startup_stm32f30x.o [1]
  .text              ro code  0x08000aa8    0x4  startup_stm32f30x.o [1]
  .text              ro code  0x08000aac    0x4  startup_stm32f30x.o [1]
  .text              ro code  0x08000ab0    0x4  startup_stm32f30x.o [1]
  .text              ro code  0x08000ab4    0x4  startup_stm32f30x.o [1]
  .text              ro code  0x08000ab8    0x4  startup_stm32f30x.o [1]
  .text              ro code  0x08000abc    0x4  startup_stm32f30x.o [1]
  .text              ro code  0x08000ac0    0x4  startup_stm32f30x.o [1]
  .text              ro code  0x08000ac4    0x4  startup_stm32f30x.o [1]
  .text              ro code  0x08000ac8    0x4  startup_stm32f30x.o [1]
  .text              ro code  0x08000acc    0x4  startup_stm32f30x.o [1]
  .text              ro code  0x08000ad0    0x4  startup_stm32f30x.o [1]
  .text              ro code  0x08000ad4    0x4  startup_stm32f30x.o [1]
  .text              ro code  0x08000ad8    0x4  startup_stm32f30x.o [1]
  .text              ro code  0x08000adc    0x4  startup_stm32f30x.o [1]
  .text              ro code  0x08000ae0    0x4  startup_stm32f30x.o [1]
  .text              ro code  0x08000ae4    0x4  startup_stm32f30x.o [1]
  .text              ro code  0x08000ae8    0x4  startup_stm32f30x.o [1]
  .text              ro code  0x08000aec    0x4  startup_stm32f30x.o [1]
  .text              ro code  0x08000af0    0x4  startup_stm32f30x.o [1]
  .text              ro code  0x08000af4    0x4  startup_stm32f30x.o [1]
  .text              ro code  0x08000af8    0x4  startup_stm32f30x.o [1]
  .text              ro code  0x08000afc    0x4  startup_stm32f30x.o [1]
  .text              ro code  0x08000b00    0x4  startup_stm32f30x.o [1]
  .text              ro code  0x08000b04    0x4  startup_stm32f30x.o [1]
  .text              ro code  0x08000b08    0x4  startup_stm32f30x.o [1]
  .text              ro code  0x08000b0c    0x4  startup_stm32f30x.o [1]
  .rodata            const    0x08000b10    0x0  copy_init3.o [5]
  Initializer bytes  const    0x08000b10   0x6c  <for P2 s0>
                            - 0x08000b7c  0x9f4

"P2":                                     0x470
  P2 s0                       0x20000000   0x6c  <Init block>
    .data            inited   0x20000000   0x2c  stm32f30x_rcc.o [1]
    .data            inited   0x2000002c   0x20  stm32f3_discovery.o [1]
    .data            inited   0x2000004c   0x14  system_stm32f30x.o [1]
    .bss             inited   0x20000060    0x8  main.o [1]
    .bss             inited   0x20000068    0x4  main.o [1]
  CSTACK                      0x20000070  0x400  <Block>
    CSTACK           uninit   0x20000070  0x400  <Block tail>
                            - 0x20000470  0x470


*******************************************************************************
*** INIT TABLE
***

          Address     Size
          -------     ----
Copy (__iar_copy_init3)
    1 source range, total size 0x6c:
          0x08000b10  0x6c
    1 destination range, total size 0x6c:
          0x20000000  0x6c



*******************************************************************************
*** MODULE SUMMARY
***

    Module               ro code  ro data  rw data
    ------               -------  -------  -------
C:\Users\Marco\Desktop\Esempi miei\Project\Lab\TSCH_Protocol\EWARM\SysTick\Obj: [1]
    main.o                   316       12       12
    startup_stm32f30x.o      708
    stm32f30x_gpio.o         146
    stm32f30x_it.o            20
    stm32f30x_misc.o         108
    stm32f30x_rcc.o          600       44       44
    stm32f30x_usart.o        324
    stm32f3_discovery.o      140       32       32
    system_stm32f30x.o       248       20       20
    ----------------------------------------------
    Total:                 2 610      108      108

command line: [2]
    ----------------------------------------------
    Total:

dl7M_tln.a: [3]
    exit.o                     4
    low_level_init.o           4
    ----------------------------------------------
    Total:                     8

m7M_tls.a: [4]
    fpinit_M.o                34
    ----------------------------------------------
    Total:                    34

rt7M_tl.a: [5]
    cexit.o                   10
    cmain.o                   26
    copy_init3.o              44
    cstartup_M.o              12
    data_init.o               40
    ----------------------------------------------
    Total:                   132

shb_l.a: [6]
    exit.o                    20
    ----------------------------------------------
    Total:                    20

    Gaps                       6        2
    Linker created                     20    1 024
--------------------------------------------------
    Grand Total:           2 810      130    1 132


*******************************************************************************
*** ENTRY LIST
***

Entry                      Address   Size  Type      Object
-----                      -------   ----  ----      ------
.iar.init_table$$Base   0x0800095c          --   Gb  - Linker created -
.iar.init_table$$Limit  0x08000970          --   Gb  - Linker created -
?main                   0x08000971         Code  Gb  cmain.o [5]
ADCPrescTable           0x20000010   0x1c  Data  Lc  stm32f30x_rcc.o [1]
AHBPrescTable           0x2000004c   0x10  Data  Gb  system_stm32f30x.o [1]
APBAHBPrescTable        0x20000000   0x10  Data  Lc  stm32f30x_rcc.o [1]
BusFault_Handler        0x080009bb    0x2  Code  Gb  stm32f30x_it.o [1]
CSTACK$$Base            0x20000070          --   Gb  - Linker created -
CSTACK$$Limit           0x20000470          --   Gb  - Linker created -
DebugMon_Handler        0x080009c1    0x2  Code  Gb  stm32f30x_it.o [1]
GPIO_CLK                0x080007cc   0x20  Data  Gb  stm32f3_discovery.o [1]
GPIO_Init               0x08000661   0x6e  Code  Gb  stm32f30x_gpio.o [1]
GPIO_InitStructure      0x20000060    0x8  Data  Gb  main.o [1]
GPIO_PIN                0x080007bc   0x10  Data  Gb  stm32f3_discovery.o [1]
GPIO_PORT               0x2000002c   0x20  Data  Gb  stm32f3_discovery.o [1]
GPIO_PinAFConfig        0x080006cf   0x24  Code  Gb  stm32f30x_gpio.o [1]
HardFault_Handler       0x080009b7    0x2  Code  Gb  stm32f30x_it.o [1]
MemManage_Handler       0x080009b9    0x2  Code  Gb  stm32f30x_it.o [1]
NMI_Handler             0x080009b5    0x2  Code  Gb  stm32f30x_it.o [1]
NVIC_Init               0x080006f5   0x5a  Code  Gb  stm32f30x_misc.o [1]
PendSV_Handler          0x080009c3    0x2  Code  Gb  stm32f30x_it.o [1]
RCC_AHBPeriphClockCmd   0x080003a3   0x12  Code  Gb  stm32f30x_rcc.o [1]
RCC_APB2PeriphClockCmd  0x080003b5   0x12  Code  Gb  stm32f30x_rcc.o [1]
RCC_GetClocksFreq       0x08000189  0x21a  Code  Gb  stm32f30x_rcc.o [1]
Region$$Table$$Base     0x0800095c          --   Gb  - Linker created -
Region$$Table$$Limit    0x08000970          --   Gb  - Linker created -
STM_EVAL_LEDInit        0x08000761   0x42  Code  Gb  stm32f3_discovery.o [1]
STM_EVAL_LEDToggle      0x080007a3   0x16  Code  Gb  stm32f3_discovery.o [1]
SVC_Handler             0x080009bf    0x2  Code  Gb  stm32f30x_it.o [1]
SysTick_Handler         0x080009c5    0x4  Code  Gb  stm32f30x_it.o [1]
SystemCoreClock         0x2000005c    0x4  Data  Gb  system_stm32f30x.o [1]
SystemInit              0x080007ed   0xda  Code  Gb  system_stm32f30x.o [1]
TimingDelay             0x20000068    0x4  Data  Lc  main.o [1]
TimingDelay_Decrement   0x08000635    0xe  Code  Gb  main.o [1]
USART1_IRQHandler       0x080005fd   0x38  Code  Gb  main.o [1]
USART_Cmd               0x08000495   0x12  Code  Gb  stm32f30x_usart.o [1]
USART_GetFlagStatus     0x080004e1    0xe  Code  Gb  stm32f30x_usart.o [1]
USART_GetITStatus       0x080004ef   0x36  Code  Gb  stm32f30x_usart.o [1]
USART_ITConfig          0x080004b7   0x2a  Code  Gb  stm32f30x_usart.o [1]
USART_Init              0x080003e1   0x9e  Code  Gb  stm32f30x_usart.o [1]
USART_ReceiveData       0x080004af    0x8  Code  Gb  stm32f30x_usart.o [1]
USART_SendData          0x080004a7    0x8  Code  Gb  stm32f30x_usart.o [1]
UsageFault_Handler      0x080009bd    0x2  Code  Gb  stm32f30x_it.o [1]
__cmain                 0x08000971         Code  Gb  cmain.o [5]
__exit                  0x080009a1   0x14  Code  Gb  exit.o [6]
__iar_copy_init3        0x080008e5   0x2c  Code  Gb  copy_init3.o [5]
__iar_data_init3        0x08000911   0x28  Code  Gb  data_init.o [5]
__iar_init_vfp          0x08000939         Code  Gb  fpinit_M.o [4]
__iar_program_start     0x080009d9         Code  Gb  cstartup_M.o [5]
__low_level_init        0x0800098b    0x4  Code  Gb  low_level_init.o [3]
__vector_table          0x08000000         Data  Gb  startup_stm32f30x.o [1]
_call_main              0x0800097d         Code  Gb  cmain.o [5]
_exit                   0x08000995         Code  Gb  cexit.o [5]
_main                   0x08000987         Code  Gb  cmain.o [5]
exit                    0x0800098f    0x4  Code  Gb  exit.o [3]
main                    0x080005c7   0x36  Code  Gb  main.o [1]
usart_init              0x08000525   0xa2  Code  Gb  main.o [1]


[1] = C:\Users\Marco\Desktop\Esempi miei\Project\Lab\TSCH_Protocol\EWARM\SysTick\Obj
[2] = command line
[3] = dl7M_tln.a
[4] = m7M_tls.a
[5] = rt7M_tl.a
[6] = shb_l.a

  2 810 bytes of readonly  code memory
    130 bytes of readonly  data memory
  1 132 bytes of readwrite data memory

Errors: none
Warnings: none
